// Jest Snapshot v1, https://goo.gl/fbAQLP

exports[`BreadCrumbs matches snapshots 1`] = `
<span>
  <span>
    <routerlink
      class="link"
      data-cy="breadcrum-link|second link"
      to="[object Object]"
    >
      
      second link
    
    </routerlink>
     
    <v-icon
      class="arrow-position"
      small=""
    >
      
      chevron_right
    
    </v-icon>
  </span>
  <span>
    <routerlink
      class="link"
      data-cy="breadcrum-link|third-link"
      to="[object Object]"
    >
      
      third-link
    
    </routerlink>
     
    <v-icon
      class="arrow-position"
      small=""
    >
      
      chevron_right
    
    </v-icon>
  </span>
</span>
`;
