// Jest Snapshot v1, https://goo.gl/fbAQLP

exports[`SideDrawerTask matches the snapshot 1`] = `
<vcontainer-stub
  class="side-drawer-flow-runs mb-10 pb-10"
>
  <vlayout-stub
    column=""
  >
    <vflex-stub
      xs12=""
    >
      <div
        class="title"
      >
        <a
          class="link"
        >
          
          Pull SYMC price
        
        </a>
      </div>
       
      <!---->
    </vflex-stub>
     
    <vflex-stub
      class="mt-4"
      xs12=""
    >
      <vlayout-stub
        class="my-2"
      >
        <vflex-stub
          class="text-left body-1 font-weight-medium"
          xs6=""
        >
          
          Flow
        
        </vflex-stub>
         
        <vflex-stub
          class="text-right body-1"
          xs6=""
        >
          <a
            class="link"
          >
            
            Core v0.6.0: Stock Flow
          
          </a>
        </vflex-stub>
      </vlayout-stub>
       
      <vlayout-stub
        class="my-2"
      >
        <vflex-stub
          class="text-left body-1 font-weight-medium"
          xs6=""
        >
          
          Latest Run State
        
        </vflex-stub>
         
        <vflex-stub
          class="text-right body-1"
          xs6=""
        >
          <!---->
          
          No Runs
        
        </vflex-stub>
      </vlayout-stub>
       
      <vlayout-stub
        class="my-2"
      >
        <vflex-stub
          class="text-left body-1 font-weight-medium"
          xs6=""
        >
          
          Mapped
        
        </vflex-stub>
         
        <vflex-stub
          class="text-right body-1"
          xs6=""
        >
          
          No
        
        </vflex-stub>
      </vlayout-stub>
       
      <vlayout-stub
        class="my-2"
      >
        <vflex-stub
          class="text-left body-1 font-weight-medium"
          xs6=""
        >
          
          Slug
        
        </vflex-stub>
         
        <vflex-stub
          class="text-right body-1 word-wrap"
          id="slug"
          xs6=""
        >
          
          8446ca22-7038-4ae0-b702-70b2fb0b5a17
        
        </vflex-stub>
      </vlayout-stub>
       
      <vlayout-stub
        class="my-2"
      >
        <vflex-stub
          class="text-left body-1 font-weight-medium"
          xs6=""
        >
          
          Max Retries
        
        </vflex-stub>
         
        <vflex-stub
          class="text-right body-1"
          xs6=""
        >
          
          0
        
        </vflex-stub>
      </vlayout-stub>
       
      <vlayout-stub
        class="my-2"
      >
        <vflex-stub
          class="text-left body-1 font-weight-medium"
          xs6=""
        >
          
          Retry Delay
        
        </vflex-stub>
         
        <vflex-stub
          class="text-right body-1"
          xs6=""
        >
          
          
        
        </vflex-stub>
      </vlayout-stub>
       
      <vlayout-stub
        class="my-2"
      >
        <vflex-stub
          class="text-left body-1 font-weight-medium"
          xs6=""
        >
          
          Trigger
        
        </vflex-stub>
         
        <vflex-stub
          class="text-right body-1 word-wrap"
          xs6=""
        >
          
          &lt;function all_successful at 0x7fbfdd288c20&gt;
        
        </vflex-stub>
      </vlayout-stub>
       
      <vlayout-stub
        class="my-2"
      >
        <vflex-stub
          class="text-left body-1 font-weight-medium"
          xs6=""
        >
          
          Class
        
        </vflex-stub>
         
        <vflex-stub
          class="text-right body-1 word-wrap"
          xs6=""
        >
          
          FunctionTask
        
        </vflex-stub>
      </vlayout-stub>
    </vflex-stub>
  </vlayout-stub>
</vcontainer-stub>
`;
